Component: ARM Compiler 5.06 update 6 (build 750) Tool: armlink [4d35ed]

==============================================================================

Section Cross References

    main.o(i.SysTick_Handler) refers to bsp.o(i.BSP_Joystick_Input) for BSP_Joystick_Input
    main.o(i.SysTick_Handler) refers to bsp.o(i.BSP_LCD_Color565) for BSP_LCD_Color565
    main.o(i.SysTick_Handler) refers to bsp.o(i.BSP_LCD_DrawString) for BSP_LCD_DrawString
    main.o(i.SysTick_Handler) refers to bsp.o(i.BSP_LCD_SetCursor) for BSP_LCD_SetCursor
    main.o(i.SysTick_Handler) refers to bsp.o(i.BSP_LCD_OutUDec) for BSP_LCD_OutUDec
    main.o(i.SysTick_Handler) refers to main.o(.data) for counts
    main.o(i.main) refers to bsp.o(i.BSP_Clock_InitFastest) for BSP_Clock_InitFastest
    main.o(i.main) refers to bsp.o(i.BSP_LCD_Init) for BSP_LCD_Init
    main.o(i.main) refers to bsp.o(i.BSP_Joystick_Init) for BSP_Joystick_Init
    main.o(i.main) refers to bsp.o(i.BSP_LCD_Color565) for BSP_LCD_Color565
    main.o(i.main) refers to bsp.o(i.BSP_LCD_DrawString) for BSP_LCD_DrawString
    main.o(i.main) refers to cortexm.o(.emb_text) for EnableInterrupts
    bsp.o(i.BSP_Accelerometer_Init) refers to bsp.o(i.adcinit) for adcinit
    bsp.o(i.BSP_Buzzer_Init) refers to bsp.o(.data) for SubsystemFrequency
    bsp.o(i.BSP_Buzzer_Set) refers to bsp.o(.data) for PWMCycles
    bsp.o(i.BSP_Clock_GetFreq) refers to bsp.o(.data) for ClockFrequency
    bsp.o(i.BSP_Clock_InitFastest) refers to bsp.o(.data) for Prewait
    bsp.o(i.BSP_Delay1ms) refers to bsp.o(.emb_text) for parrotdelay
    bsp.o(i.BSP_Joystick_Init) refers to bsp.o(i.adcinit) for adcinit
    bsp.o(i.BSP_LCD_DrawBitmap) refers to bsp.o(i.setAddrWindow) for setAddrWindow
    bsp.o(i.BSP_LCD_DrawBitmap) refers to bsp.o(i.writedata) for writedata
    bsp.o(i.BSP_LCD_DrawBitmap) refers to bsp.o(.data) for _width
    bsp.o(i.BSP_LCD_DrawChar) refers to bsp.o(i.setAddrWindow) for setAddrWindow
    bsp.o(i.BSP_LCD_DrawChar) refers to bsp.o(i.pushColor) for pushColor
    bsp.o(i.BSP_LCD_DrawChar) refers to bsp.o(.data) for _width
    bsp.o(i.BSP_LCD_DrawChar) refers to bsp.o(.constdata) for Font
    bsp.o(i.BSP_LCD_DrawCharS) refers to bsp.o(i.BSP_LCD_DrawPixel) for BSP_LCD_DrawPixel
    bsp.o(i.BSP_LCD_DrawCharS) refers to bsp.o(i.BSP_LCD_FillRect) for BSP_LCD_FillRect
    bsp.o(i.BSP_LCD_DrawCharS) refers to bsp.o(.data) for _width
    bsp.o(i.BSP_LCD_DrawCharS) refers to bsp.o(.constdata) for Font
    bsp.o(i.BSP_LCD_DrawFastHLine) refers to bsp.o(i.setAddrWindow) for setAddrWindow
    bsp.o(i.BSP_LCD_DrawFastHLine) refers to bsp.o(i.writedata) for writedata
    bsp.o(i.BSP_LCD_DrawFastHLine) refers to bsp.o(.data) for _width
    bsp.o(i.BSP_LCD_DrawFastVLine) refers to bsp.o(i.setAddrWindow) for setAddrWindow
    bsp.o(i.BSP_LCD_DrawFastVLine) refers to bsp.o(i.writedata) for writedata
    bsp.o(i.BSP_LCD_DrawFastVLine) refers to bsp.o(.data) for _width
    bsp.o(i.BSP_LCD_DrawPixel) refers to bsp.o(i.setAddrWindow) for setAddrWindow
    bsp.o(i.BSP_LCD_DrawPixel) refers to bsp.o(i.pushColor) for pushColor
    bsp.o(i.BSP_LCD_DrawPixel) refers to bsp.o(.data) for _width
    bsp.o(i.BSP_LCD_DrawString) refers to bsp.o(i.BSP_LCD_DrawChar) for BSP_LCD_DrawChar
    bsp.o(i.BSP_LCD_Drawaxes) refers to bsp.o(i.BSP_LCD_FillRect) for BSP_LCD_FillRect
    bsp.o(i.BSP_LCD_Drawaxes) refers to bsp.o(i.BSP_LCD_DrawFastHLine) for BSP_LCD_DrawFastHLine
    bsp.o(i.BSP_LCD_Drawaxes) refers to bsp.o(i.BSP_LCD_DrawFastVLine) for BSP_LCD_DrawFastVLine
    bsp.o(i.BSP_LCD_Drawaxes) refers to bsp.o(i.BSP_LCD_DrawPixel) for BSP_LCD_DrawPixel
    bsp.o(i.BSP_LCD_Drawaxes) refers to bsp.o(i.BSP_LCD_DrawChar) for BSP_LCD_DrawChar
    bsp.o(i.BSP_LCD_Drawaxes) refers to bsp.o(.data) for Ymax
    bsp.o(i.BSP_LCD_FillRect) refers to bsp.o(i.setAddrWindow) for setAddrWindow
    bsp.o(i.BSP_LCD_FillRect) refers to bsp.o(i.writedata) for writedata
    bsp.o(i.BSP_LCD_FillRect) refers to bsp.o(.data) for _width
    bsp.o(i.BSP_LCD_FillScreen) refers to bsp.o(i.BSP_LCD_FillRect) for BSP_LCD_FillRect
    bsp.o(i.BSP_LCD_FillScreen) refers to bsp.o(.data) for _height
    bsp.o(i.BSP_LCD_Init) refers to bsp.o(i.ST7735_InitR) for ST7735_InitR
    bsp.o(i.BSP_LCD_OutUDec) refers to bsp.o(i.fillmessage) for fillmessage
    bsp.o(i.BSP_LCD_OutUDec) refers to bsp.o(i.BSP_LCD_DrawString) for BSP_LCD_DrawString
    bsp.o(i.BSP_LCD_OutUDec) refers to bsp.o(i.BSP_LCD_DrawChar) for BSP_LCD_DrawChar
    bsp.o(i.BSP_LCD_OutUDec) refers to bsp.o(.data) for StTextColor
    bsp.o(i.BSP_LCD_OutUDec) refers to bsp.o(.bss) for Message
    bsp.o(i.BSP_LCD_OutUDec4) refers to bsp.o(i.fillmessage4) for fillmessage4
    bsp.o(i.BSP_LCD_OutUDec4) refers to bsp.o(i.BSP_LCD_DrawString) for BSP_LCD_DrawString
    bsp.o(i.BSP_LCD_OutUDec4) refers to bsp.o(i.BSP_LCD_DrawChar) for BSP_LCD_DrawChar
    bsp.o(i.BSP_LCD_OutUDec4) refers to bsp.o(.data) for Messageindex
    bsp.o(i.BSP_LCD_OutUDec4) refers to bsp.o(.bss) for Message
    bsp.o(i.BSP_LCD_OutUDec5) refers to bsp.o(i.fillmessage5) for fillmessage5
    bsp.o(i.BSP_LCD_OutUDec5) refers to bsp.o(i.BSP_LCD_DrawString) for BSP_LCD_DrawString
    bsp.o(i.BSP_LCD_OutUDec5) refers to bsp.o(i.BSP_LCD_DrawChar) for BSP_LCD_DrawChar
    bsp.o(i.BSP_LCD_OutUDec5) refers to bsp.o(.data) for Messageindex
    bsp.o(i.BSP_LCD_OutUDec5) refers to bsp.o(.bss) for Message
    bsp.o(i.BSP_LCD_OutUFix2_1) refers to bsp.o(i.fillmessage2_1) for fillmessage2_1
    bsp.o(i.BSP_LCD_OutUFix2_1) refers to bsp.o(i.BSP_LCD_DrawString) for BSP_LCD_DrawString
    bsp.o(i.BSP_LCD_OutUFix2_1) refers to bsp.o(i.BSP_LCD_DrawChar) for BSP_LCD_DrawChar
    bsp.o(i.BSP_LCD_OutUFix2_1) refers to bsp.o(.data) for StY
    bsp.o(i.BSP_LCD_OutUFix2_1) refers to bsp.o(.bss) for Message
    bsp.o(i.BSP_LCD_OutUHex2) refers to bsp.o(i.fillmessage2_Hex) for fillmessage2_Hex
    bsp.o(i.BSP_LCD_OutUHex2) refers to bsp.o(i.BSP_LCD_DrawString) for BSP_LCD_DrawString
    bsp.o(i.BSP_LCD_OutUHex2) refers to bsp.o(i.BSP_LCD_DrawChar) for BSP_LCD_DrawChar
    bsp.o(i.BSP_LCD_OutUHex2) refers to bsp.o(.data) for StY
    bsp.o(i.BSP_LCD_OutUHex2) refers to bsp.o(.bss) for Message
    bsp.o(i.BSP_LCD_PlotIncrement) refers to bsp.o(i.BSP_LCD_DrawFastVLine) for BSP_LCD_DrawFastVLine
    bsp.o(i.BSP_LCD_PlotIncrement) refers to bsp.o(.data) for TimeIndex
    bsp.o(i.BSP_LCD_PlotPoint) refers to bsp.o(i.BSP_LCD_DrawPixel) for BSP_LCD_DrawPixel
    bsp.o(i.BSP_LCD_PlotPoint) refers to bsp.o(.data) for Ymin
    bsp.o(i.BSP_LCD_SetCursor) refers to bsp.o(.data) for StX
    bsp.o(i.BSP_LightSensor_End) refers to bsp.o(i.lightsensorstart) for lightsensorstart
    bsp.o(i.BSP_LightSensor_End) refers to bsp.o(i.lightsensorend) for lightsensorend
    bsp.o(i.BSP_LightSensor_End) refers to bsp.o(.data) for LightBusy
    bsp.o(i.BSP_LightSensor_Init) refers to bsp.o(i.i2cinit) for i2cinit
    bsp.o(i.BSP_LightSensor_Input) refers to bsp.o(i.lightsensorstart) for lightsensorstart
    bsp.o(i.BSP_LightSensor_Input) refers to bsp.o(i.lightsensorend) for lightsensorend
    bsp.o(i.BSP_LightSensor_Input) refers to bsp.o(.data) for LightBusy
    bsp.o(i.BSP_LightSensor_Start) refers to bsp.o(i.lightsensorstart) for lightsensorstart
    bsp.o(i.BSP_LightSensor_Start) refers to bsp.o(.data) for LightBusy
    bsp.o(i.BSP_Microphone_Init) refers to bsp.o(i.adcinit) for adcinit
    bsp.o(i.BSP_PeriodicTask_Init) refers to cortexm.o(.emb_text) for StartCritical
    bsp.o(i.BSP_PeriodicTask_Init) refers to bsp.o(i.BSP_Clock_GetFreq) for BSP_Clock_GetFreq
    bsp.o(i.BSP_PeriodicTask_Init) refers to bsp.o(.data) for PeriodicTask
    bsp.o(i.BSP_PeriodicTask_InitB) refers to cortexm.o(.emb_text) for StartCritical
    bsp.o(i.BSP_PeriodicTask_InitB) refers to bsp.o(i.BSP_Clock_GetFreq) for BSP_Clock_GetFreq
    bsp.o(i.BSP_PeriodicTask_InitB) refers to bsp.o(.data) for PeriodicTaskB
    bsp.o(i.BSP_PeriodicTask_InitC) refers to cortexm.o(.emb_text) for StartCritical
    bsp.o(i.BSP_PeriodicTask_InitC) refers to bsp.o(i.BSP_Clock_GetFreq) for BSP_Clock_GetFreq
    bsp.o(i.BSP_PeriodicTask_InitC) refers to bsp.o(.data) for PeriodicTaskC
    bsp.o(i.BSP_RGB_Init) refers to bsp.o(.data) for SubsystemFrequency
    bsp.o(i.BSP_RGB_Set) refers to bsp.o(.data) for PWMCycles
    bsp.o(i.BSP_TempSensor_End) refers to bsp.o(i.tempsensorstart) for tempsensorstart
    bsp.o(i.BSP_TempSensor_End) refers to bsp.o(i.tempsensorend) for tempsensorend
    bsp.o(i.BSP_TempSensor_End) refers to bsp.o(.data) for TempBusy
    bsp.o(i.BSP_TempSensor_Init) refers to bsp.o(i.i2cinit) for i2cinit
    bsp.o(i.BSP_TempSensor_Input) refers to bsp.o(i.tempsensorstart) for tempsensorstart
    bsp.o(i.BSP_TempSensor_Input) refers to bsp.o(i.tempsensorend) for tempsensorend
    bsp.o(i.BSP_TempSensor_Input) refers to bsp.o(.data) for TempBusy
    bsp.o(i.BSP_TempSensor_Start) refers to bsp.o(i.tempsensorstart) for tempsensorstart
    bsp.o(i.BSP_TempSensor_Start) refers to bsp.o(.data) for TempBusy
    bsp.o(i.BSP_Time_Init) refers to cortexm.o(.emb_text) for StartCritical
    bsp.o(i.I2C_Recv2) refers to bsp.o(i.i2cinit) for i2cinit
    bsp.o(i.I2C_Send1) refers to bsp.o(i.i2cinit) for i2cinit
    bsp.o(i.I2C_Send3) refers to bsp.o(i.i2cinit) for i2cinit
    bsp.o(i.ST7735_InitR) refers to bsp.o(i.commonInit) for commonInit
    bsp.o(i.ST7735_InitR) refers to bsp.o(i.commandList) for commandList
    bsp.o(i.ST7735_InitR) refers to bsp.o(i.writecommand) for writecommand
    bsp.o(i.ST7735_InitR) refers to bsp.o(i.writedata) for writedata
    bsp.o(i.ST7735_InitR) refers to bsp.o(i.BSP_LCD_SetCursor) for BSP_LCD_SetCursor
    bsp.o(i.ST7735_InitR) refers to bsp.o(i.BSP_LCD_FillScreen) for BSP_LCD_FillScreen
    bsp.o(i.ST7735_InitR) refers to bsp.o(.constdata) for Rcmd1
    bsp.o(i.ST7735_InitR) refers to bsp.o(.data) for ColStart
    bsp.o(i.T32_INT1_IRQHandler) refers to bsp.o(.data) for PeriodicTask
    bsp.o(i.TA1_0_IRQHandler) refers to bsp.o(.data) for PeriodicTaskB
    bsp.o(i.TA2_0_IRQHandler) refers to bsp.o(.data) for PeriodicTaskC
    bsp.o(i.commandList) refers to bsp.o(i.writecommand) for writecommand
    bsp.o(i.commandList) refers to bsp.o(i.writedata) for writedata
    bsp.o(i.commandList) refers to bsp.o(i.BSP_Delay1ms) for BSP_Delay1ms
    bsp.o(i.commonInit) refers to bsp.o(i.BSP_Delay1ms) for BSP_Delay1ms
    bsp.o(i.commonInit) refers to bsp.o(i.commandList) for commandList
    bsp.o(i.commonInit) refers to bsp.o(.data) for RowStart
    bsp.o(i.fillmessage) refers to bsp.o(.bss) for Message
    bsp.o(i.fillmessage) refers to bsp.o(.data) for Messageindex
    bsp.o(i.fillmessage2_1) refers to bsp.o(.bss) for Message
    bsp.o(i.fillmessage2_Hex) refers to bsp.o(.bss) for Message
    bsp.o(i.fillmessage4) refers to bsp.o(i.fillmessage) for fillmessage
    bsp.o(i.fillmessage4) refers to bsp.o(.data) for Messageindex
    bsp.o(i.fillmessage4) refers to bsp.o(.bss) for Message
    bsp.o(i.fillmessage5) refers to bsp.o(i.fillmessage) for fillmessage
    bsp.o(i.fillmessage5) refers to bsp.o(.data) for Messageindex
    bsp.o(i.fillmessage5) refers to bsp.o(.bss) for Message
    bsp.o(i.lightsensorend) refers to bsp.o(i.I2C_Send1) for I2C_Send1
    bsp.o(i.lightsensorend) refers to bsp.o(i.I2C_Recv2) for I2C_Recv2
    bsp.o(i.lightsensorend) refers to bsp.o(i.I2C_Send3) for I2C_Send3
    bsp.o(i.lightsensorstart) refers to bsp.o(i.I2C_Send3) for I2C_Send3
    bsp.o(i.lightsensorstart) refers to bsp.o(i.I2C_Recv2) for I2C_Recv2
    bsp.o(i.pushColor) refers to bsp.o(i.writedata) for writedata
    bsp.o(i.setAddrWindow) refers to bsp.o(i.writecommand) for writecommand
    bsp.o(i.setAddrWindow) refers to bsp.o(i.writedata) for writedata
    bsp.o(i.setAddrWindow) refers to bsp.o(.data) for ColStart
    bsp.o(i.tempsensorend) refers to bsp.o(i.I2C_Send1) for I2C_Send1
    bsp.o(i.tempsensorend) refers to bsp.o(i.I2C_Recv2) for I2C_Recv2
    bsp.o(i.tempsensorstart) refers to bsp.o(i.I2C_Send3) for I2C_Send3
    cortexm.o(i.Clock_Delay1ms) refers to cortexm.o(.emb_text) for delay
    startup_msp432p401r_uvision.o(STACK) refers (Special) to heapauxi.o(.text) for __use_two_region_memory
    startup_msp432p401r_uvision.o(HEAP) refers (Special) to heapauxi.o(.text) for __use_two_region_memory
    startup_msp432p401r_uvision.o(RESET) refers (Special) to heapauxi.o(.text) for __use_two_region_memory
    startup_msp432p401r_uvision.o(RESET) refers to startup_msp432p401r_uvision.o(STACK) for __initial_sp
    startup_msp432p401r_uvision.o(RESET) refers to startup_msp432p401r_uvision.o(.text) for Reset_Handler
    startup_msp432p401r_uvision.o(RESET) refers to main.o(i.SysTick_Handler) for SysTick_Handler
    startup_msp432p401r_uvision.o(RESET) refers to bsp.o(i.TA1_0_IRQHandler) for TA1_0_IRQHandler
    startup_msp432p401r_uvision.o(RESET) refers to bsp.o(i.TA2_0_IRQHandler) for TA2_0_IRQHandler
    startup_msp432p401r_uvision.o(RESET) refers to bsp.o(i.T32_INT1_IRQHandler) for T32_INT1_IRQHandler
    startup_msp432p401r_uvision.o(.text) refers (Special) to heapauxi.o(.text) for __use_two_region_memory
    startup_msp432p401r_uvision.o(.text) refers to system_msp432p401r.o(i.SystemInit) for SystemInit
    startup_msp432p401r_uvision.o(.text) refers to __main.o(!!!main) for __main
    startup_msp432p401r_uvision.o(.text) refers to startup_msp432p401r_uvision.o(HEAP) for Heap_Mem
    startup_msp432p401r_uvision.o(.text) refers to startup_msp432p401r_uvision.o(STACK) for Stack_Mem
    system_msp432p401r.o(i.SystemCoreClockUpdate) refers to system_msp432p401r.o(.data) for SystemCoreClock
    __main.o(!!!main) refers to __rtentry.o(.ARM.Collect$$rtentry$$00000000) for __rt_entry
    __rtentry.o(.ARM.Collect$$rtentry$$00000000) refers (Special) to __rtentry2.o(.ARM.Collect$$rtentry$$0000000A) for __rt_entry_li
    __rtentry.o(.ARM.Collect$$rtentry$$00000000) refers (Special) to __rtentry2.o(.ARM.Collect$$rtentry$$0000000D) for __rt_entry_main
    __rtentry.o(.ARM.Collect$$rtentry$$00000000) refers (Special) to __rtentry2.o(.ARM.Collect$$rtentry$$0000000C) for __rt_entry_postli_1
    __rtentry.o(.ARM.Collect$$rtentry$$00000000) refers (Special) to __rtentry2.o(.ARM.Collect$$rtentry$$00000009) for __rt_entry_postsh_1
    __rtentry.o(.ARM.Collect$$rtentry$$00000000) refers (Special) to __rtentry2.o(.ARM.Collect$$rtentry$$00000002) for __rt_entry_presh_1
    __rtentry.o(.ARM.Collect$$rtentry$$00000000) refers (Special) to __rtentry4.o(.ARM.Collect$$rtentry$$00000004) for __rt_entry_sh
    __rtentry2.o(.ARM.Collect$$rtentry$$00000008) refers to boardinit2.o(.text) for _platform_post_stackheap_init
    __rtentry2.o(.ARM.Collect$$rtentry$$0000000A) refers to libinit.o(.ARM.Collect$$libinit$$00000000) for __rt_lib_init
    __rtentry2.o(.ARM.Collect$$rtentry$$0000000B) refers to boardinit3.o(.text) for _platform_post_lib_init
    __rtentry2.o(.ARM.Collect$$rtentry$$0000000D) refers to main.o(i.main) for main
    __rtentry2.o(.ARM.Collect$$rtentry$$0000000D) refers to exit.o(.text) for exit
    __rtentry2.o(.ARM.exidx) refers to __rtentry2.o(.ARM.Collect$$rtentry$$00000001) for .ARM.Collect$$rtentry$$00000001
    __rtentry2.o(.ARM.exidx) refers to __rtentry2.o(.ARM.Collect$$rtentry$$00000008) for .ARM.Collect$$rtentry$$00000008
    __rtentry2.o(.ARM.exidx) refers to __rtentry2.o(.ARM.Collect$$rtentry$$0000000A) for .ARM.Collect$$rtentry$$0000000A
    __rtentry2.o(.ARM.exidx) refers to __rtentry2.o(.ARM.Collect$$rtentry$$0000000B) for .ARM.Collect$$rtentry$$0000000B
    __rtentry2.o(.ARM.exidx) refers to __rtentry2.o(.ARM.Collect$$rtentry$$0000000D) for .ARM.Collect$$rtentry$$0000000D
    __rtentry4.o(.ARM.Collect$$rtentry$$00000004) refers to sys_stackheap_outer.o(.text) for __user_setup_stackheap
    __rtentry4.o(.ARM.exidx) refers to __rtentry4.o(.ARM.Collect$$rtentry$$00000004) for .ARM.Collect$$rtentry$$00000004
    sys_stackheap_outer.o(.text) refers to libspace.o(.text) for __user_perproc_libspace
    sys_stackheap_outer.o(.text) refers to startup_msp432p401r_uvision.o(.text) for __user_initial_stackheap
    exit.o(.text) refers to rtexit.o(.ARM.Collect$$rtexit$$00000000) for __rt_exit
    libinit.o(.ARM.Collect$$libinit$$00000000) refers (Special) to libinit2.o(.ARM.Collect$$libinit$$0000002E) for __rt_lib_init_alloca_1
    libinit.o(.ARM.Collect$$libinit$$00000000) refers (Special) to libinit2.o(.ARM.Collect$$libinit$$0000002C) for __rt_lib_init_argv_1
    libinit.o(.ARM.Collect$$libinit$$00000000) refers (Special) to libinit2.o(.ARM.Collect$$libinit$$0000001B) for __rt_lib_init_atexit_1
    libinit.o(.ARM.Collect$$libinit$$00000000) refers (Special) to libinit2.o(.ARM.Collect$$libinit$$00000021) for __rt_lib_init_clock_1
    libinit.o(.ARM.Collect$$libinit$$00000000) refers (Special) to libinit2.o(.ARM.Collect$$libinit$$00000032) for __rt_lib_init_cpp_1
    libinit.o(.ARM.Collect$$libinit$$00000000) refers (Special) to libinit2.o(.ARM.Collect$$libinit$$00000030) for __rt_lib_init_exceptions_1
    libinit.o(.ARM.Collect$$libinit$$00000000) refers (Special) to libinit2.o(.ARM.Collect$$libinit$$00000001) for __rt_lib_init_fp_1
    libinit.o(.ARM.Collect$$libinit$$00000000) refers (Special) to libinit2.o(.ARM.Collect$$libinit$$0000001F) for __rt_lib_init_fp_trap_1
    libinit.o(.ARM.Collect$$libinit$$00000000) refers (Special) to libinit2.o(.ARM.Collect$$libinit$$00000023) for __rt_lib_init_getenv_1
    libinit.o(.ARM.Collect$$libinit$$00000000) refers (Special) to libinit2.o(.ARM.Collect$$libinit$$0000000A) for __rt_lib_init_heap_1
    libinit.o(.ARM.Collect$$libinit$$00000000) refers (Special) to libinit2.o(.ARM.Collect$$libinit$$00000011) for __rt_lib_init_lc_collate_1
    libinit.o(.ARM.Collect$$libinit$$00000000) refers (Special) to libinit2.o(.ARM.Collect$$libinit$$00000013) for __rt_lib_init_lc_ctype_1
    libinit.o(.ARM.Collect$$libinit$$00000000) refers (Special) to libinit2.o(.ARM.Collect$$libinit$$00000015) for __rt_lib_init_lc_monetary_1
    libinit.o(.ARM.Collect$$libinit$$00000000) refers (Special) to libinit2.o(.ARM.Collect$$libinit$$00000017) for __rt_lib_init_lc_numeric_1
    libinit.o(.ARM.Collect$$libinit$$00000000) refers (Special) to libinit2.o(.ARM.Collect$$libinit$$00000019) for __rt_lib_init_lc_time_1
    libinit.o(.ARM.Collect$$libinit$$00000000) refers (Special) to libinit2.o(.ARM.Collect$$libinit$$00000004) for __rt_lib_init_preinit_1
    libinit.o(.ARM.Collect$$libinit$$00000000) refers (Special) to libinit2.o(.ARM.Collect$$libinit$$0000000E) for __rt_lib_init_rand_1
    libinit.o(.ARM.Collect$$libinit$$00000000) refers (Special) to libinit2.o(.ARM.Collect$$libinit$$00000033) for __rt_lib_init_return
    libinit.o(.ARM.Collect$$libinit$$00000000) refers (Special) to libinit2.o(.ARM.Collect$$libinit$$0000001D) for __rt_lib_init_signal_1
    libinit.o(.ARM.Collect$$libinit$$00000000) refers (Special) to libinit2.o(.ARM.Collect$$libinit$$00000025) for __rt_lib_init_stdio_1
    libinit.o(.ARM.Collect$$libinit$$00000000) refers (Special) to libinit2.o(.ARM.Collect$$libinit$$0000000C) for __rt_lib_init_user_alloc_1
    libspace.o(.text) refers to libspace.o(.bss) for __libspace_start
    rtexit.o(.ARM.Collect$$rtexit$$00000000) refers (Special) to rtexit2.o(.ARM.Collect$$rtexit$$00000004) for __rt_exit_exit
    rtexit.o(.ARM.Collect$$rtexit$$00000000) refers (Special) to rtexit2.o(.ARM.Collect$$rtexit$$00000003) for __rt_exit_ls
    rtexit.o(.ARM.Collect$$rtexit$$00000000) refers (Special) to rtexit2.o(.ARM.Collect$$rtexit$$00000002) for __rt_exit_prels_1
    rtexit.o(.ARM.exidx) refers (Special) to rtexit2.o(.ARM.Collect$$rtexit$$00000004) for __rt_exit_exit
    rtexit.o(.ARM.exidx) refers (Special) to rtexit2.o(.ARM.Collect$$rtexit$$00000003) for __rt_exit_ls
    rtexit.o(.ARM.exidx) refers (Special) to rtexit2.o(.ARM.Collect$$rtexit$$00000002) for __rt_exit_prels_1
    rtexit.o(.ARM.exidx) refers to rtexit.o(.ARM.Collect$$rtexit$$00000000) for .ARM.Collect$$rtexit$$00000000
    libinit2.o(.ARM.Collect$$libinit$$00000001) refers to fpinit.o(x$fpl$fpinit) for _fp_init
    libinit2.o(.ARM.Collect$$libinit$$00000010) refers to libinit2.o(.ARM.Collect$$libinit$$0000000F) for .ARM.Collect$$libinit$$0000000F
    libinit2.o(.ARM.Collect$$libinit$$00000012) refers to libinit2.o(.ARM.Collect$$libinit$$0000000F) for .ARM.Collect$$libinit$$0000000F
    libinit2.o(.ARM.Collect$$libinit$$00000014) refers to libinit2.o(.ARM.Collect$$libinit$$0000000F) for .ARM.Collect$$libinit$$0000000F
    libinit2.o(.ARM.Collect$$libinit$$00000016) refers to libinit2.o(.ARM.Collect$$libinit$$0000000F) for .ARM.Collect$$libinit$$0000000F
    libinit2.o(.ARM.Collect$$libinit$$00000018) refers to libinit2.o(.ARM.Collect$$libinit$$0000000F) for .ARM.Collect$$libinit$$0000000F
    libinit2.o(.ARM.Collect$$libinit$$00000026) refers to argv_veneer.o(.emb_text) for __ARM_argv_veneer
    libinit2.o(.ARM.Collect$$libinit$$00000027) refers to argv_veneer.o(.emb_text) for __ARM_argv_veneer
    rtexit2.o(.ARM.Collect$$rtexit$$00000003) refers to libshutdown.o(.ARM.Collect$$libshutdown$$00000000) for __rt_lib_shutdown
    rtexit2.o(.ARM.Collect$$rtexit$$00000004) refers to sys_exit.o(.text) for _sys_exit
    rtexit2.o(.ARM.exidx) refers to rtexit2.o(.ARM.Collect$$rtexit$$00000001) for .ARM.Collect$$rtexit$$00000001
    rtexit2.o(.ARM.exidx) refers to rtexit2.o(.ARM.Collect$$rtexit$$00000003) for .ARM.Collect$$rtexit$$00000003
    rtexit2.o(.ARM.exidx) refers to rtexit2.o(.ARM.Collect$$rtexit$$00000004) for .ARM.Collect$$rtexit$$00000004
    argv_veneer.o(.emb_text) refers to no_argv.o(.text) for __ARM_get_argv
    sys_exit.o(.text) refers (Special) to use_no_semi.o(.text) for __I$use$semihosting
    sys_exit.o(.text) refers (Special) to indicate_semi.o(.text) for __semihosting_library_function
    _get_argv_nomalloc.o(.text) refers (Special) to hrguard.o(.text) for __heap_region$guard
    _get_argv_nomalloc.o(.text) refers to defsig_rtmem_outer.o(.text) for __rt_SIGRTMEM
    _get_argv_nomalloc.o(.text) refers to sys_command.o(.text) for _sys_command_string
    libshutdown.o(.ARM.Collect$$libshutdown$$00000000) refers (Special) to libshutdown2.o(.ARM.Collect$$libshutdown$$00000002) for __rt_lib_shutdown_cpp_1
    libshutdown.o(.ARM.Collect$$libshutdown$$00000000) refers (Special) to libshutdown2.o(.ARM.Collect$$libshutdown$$00000007) for __rt_lib_shutdown_fp_trap_1
    libshutdown.o(.ARM.Collect$$libshutdown$$00000000) refers (Special) to libshutdown2.o(.ARM.Collect$$libshutdown$$0000000F) for __rt_lib_shutdown_heap_1
    libshutdown.o(.ARM.Collect$$libshutdown$$00000000) refers (Special) to libshutdown2.o(.ARM.Collect$$libshutdown$$00000010) for __rt_lib_shutdown_return
    libshutdown.o(.ARM.Collect$$libshutdown$$00000000) refers (Special) to libshutdown2.o(.ARM.Collect$$libshutdown$$0000000A) for __rt_lib_shutdown_signal_1
    libshutdown.o(.ARM.Collect$$libshutdown$$00000000) refers (Special) to libshutdown2.o(.ARM.Collect$$libshutdown$$00000004) for __rt_lib_shutdown_stdio_1
    libshutdown.o(.ARM.Collect$$libshutdown$$00000000) refers (Special) to libshutdown2.o(.ARM.Collect$$libshutdown$$0000000C) for __rt_lib_shutdown_user_alloc_1
    sys_command.o(.text) refers (Special) to use_no_semi.o(.text) for __I$use$semihosting
    sys_command.o(.text) refers (Special) to indicate_semi.o(.text) for __semihosting_library_function
    defsig_rtmem_outer.o(.text) refers to defsig_rtmem_inner.o(.text) for __rt_SIGRTMEM_inner
    defsig_rtmem_outer.o(.text) refers to defsig_exit.o(.text) for __sig_exit
    defsig_rtmem_formal.o(.text) refers to rt_raise.o(.text) for __rt_raise
    rt_raise.o(.text) refers to __raise.o(.text) for __raise
    rt_raise.o(.text) refers to sys_exit.o(.text) for _sys_exit
    defsig_exit.o(.text) refers to sys_exit.o(.text) for _sys_exit
    defsig_rtmem_inner.o(.text) refers to defsig_general.o(.text) for __default_signal_display
    __raise.o(.text) refers to defsig.o(CL$$defsig) for __default_signal_handler
    defsig_general.o(.text) refers to sys_wrch.o(.text) for _ttywrch
    sys_wrch.o(.text) refers (Special) to use_no_semi.o(.text) for __I$use$semihosting
    sys_wrch.o(.text) refers (Special) to indicate_semi.o(.text) for __semihosting_library_function
    defsig.o(CL$$defsig) refers to defsig_rtmem_inner.o(.text) for __rt_SIGRTMEM_inner
    defsig_abrt_inner.o(.text) refers to defsig_general.o(.text) for __default_signal_display
    defsig_fpe_inner.o(.text) refers to defsig_general.o(.text) for __default_signal_display
    defsig_rtred_inner.o(.text) refers to defsig_general.o(.text) for __default_signal_display
    defsig_stak_inner.o(.text) refers to defsig_general.o(.text) for __default_signal_display
    defsig_pvfn_inner.o(.text) refers to defsig_general.o(.text) for __default_signal_display
    defsig_cppl_inner.o(.text) refers to defsig_general.o(.text) for __default_signal_display
    defsig_segv_inner.o(.text) refers to defsig_general.o(.text) for __default_signal_display
    defsig_other.o(.text) refers to defsig_general.o(.text) for __default_signal_display


==============================================================================

Removing Unused input sections from the image.

    Removing main.o(.rev16_text), (4 bytes).
    Removing main.o(.revsh_text), (4 bytes).
    Removing main.o(.rrx_text), (6 bytes).
    Removing bsp.o(.rev16_text), (4 bytes).
    Removing bsp.o(.revsh_text), (4 bytes).
    Removing bsp.o(.rrx_text), (6 bytes).
    Removing bsp.o(i.BSP_Accelerometer_Init), (96 bytes).
    Removing bsp.o(i.BSP_Accelerometer_Input), (140 bytes).
    Removing bsp.o(i.BSP_Button1_Init), (60 bytes).
    Removing bsp.o(i.BSP_Button1_Input), (12 bytes).
    Removing bsp.o(i.BSP_Button2_Init), (60 bytes).
    Removing bsp.o(i.BSP_Button2_Input), (12 bytes).
    Removing bsp.o(i.BSP_Buzzer_Init), (144 bytes).
    Removing bsp.o(i.BSP_Buzzer_Set), (32 bytes).
    Removing bsp.o(i.BSP_Clock_GetFreq), (12 bytes).
    Removing bsp.o(i.BSP_LCD_DrawBitmap), (288 bytes).
    Removing bsp.o(i.BSP_LCD_DrawCharS), (248 bytes).
    Removing bsp.o(i.BSP_LCD_DrawFastHLine), (124 bytes).
    Removing bsp.o(i.BSP_LCD_DrawFastVLine), (124 bytes).
    Removing bsp.o(i.BSP_LCD_DrawPixel), (72 bytes).
    Removing bsp.o(i.BSP_LCD_Drawaxes), (292 bytes).
    Removing bsp.o(i.BSP_LCD_OutUDec4), (136 bytes).
    Removing bsp.o(i.BSP_LCD_OutUDec5), (136 bytes).
    Removing bsp.o(i.BSP_LCD_OutUFix2_1), (112 bytes).
    Removing bsp.o(i.BSP_LCD_OutUHex2), (112 bytes).
    Removing bsp.o(i.BSP_LCD_PlotIncrement), (56 bytes).
    Removing bsp.o(i.BSP_LCD_PlotPoint), (100 bytes).
    Removing bsp.o(i.BSP_LCD_SwapColor), (18 bytes).
    Removing bsp.o(i.BSP_LightSensor_End), (68 bytes).
    Removing bsp.o(i.BSP_LightSensor_Init), (64 bytes).
    Removing bsp.o(i.BSP_LightSensor_Input), (52 bytes).
    Removing bsp.o(i.BSP_LightSensor_Start), (28 bytes).
    Removing bsp.o(i.BSP_Microphone_Init), (60 bytes).
    Removing bsp.o(i.BSP_Microphone_Input), (116 bytes).
    Removing bsp.o(i.BSP_PeriodicTask_Init), (112 bytes).
    Removing bsp.o(i.BSP_PeriodicTask_InitB), (160 bytes).
    Removing bsp.o(i.BSP_PeriodicTask_InitC), (160 bytes).
    Removing bsp.o(i.BSP_PeriodicTask_Stop), (24 bytes).
    Removing bsp.o(i.BSP_PeriodicTask_StopB), (28 bytes).
    Removing bsp.o(i.BSP_PeriodicTask_StopC), (28 bytes).
    Removing bsp.o(i.BSP_RGB_D_Init), (152 bytes).
    Removing bsp.o(i.BSP_RGB_D_Set), (64 bytes).
    Removing bsp.o(i.BSP_RGB_D_Toggle), (64 bytes).
    Removing bsp.o(i.BSP_RGB_Init), (292 bytes).
    Removing bsp.o(i.BSP_RGB_Set), (76 bytes).
    Removing bsp.o(i.BSP_TempSensor_End), (76 bytes).
    Removing bsp.o(i.BSP_TempSensor_Init), (64 bytes).
    Removing bsp.o(i.BSP_TempSensor_Input), (64 bytes).
    Removing bsp.o(i.BSP_TempSensor_Start), (28 bytes).
    Removing bsp.o(i.BSP_Time_Get), (20 bytes).
    Removing bsp.o(i.BSP_Time_Init), (36 bytes).
    Removing bsp.o(i.I2C_Recv2), (188 bytes).
    Removing bsp.o(i.I2C_Send1), (160 bytes).
    Removing bsp.o(i.I2C_Send3), (272 bytes).
    Removing bsp.o(i.fillmessage2_1), (88 bytes).
    Removing bsp.o(i.fillmessage2_Hex), (84 bytes).
    Removing bsp.o(i.fillmessage4), (100 bytes).
    Removing bsp.o(i.fillmessage5), (128 bytes).
    Removing bsp.o(i.i2cinit), (88 bytes).
    Removing bsp.o(i.lightsensorend), (80 bytes).
    Removing bsp.o(i.lightsensorstart), (36 bytes).
    Removing bsp.o(i.tempsensorend), (68 bytes).
    Removing bsp.o(i.tempsensorstart), (18 bytes).
    Removing cortexm.o(i.Clock_Delay1ms), (22 bytes).
    Removing system_msp432p401r.o(.rev16_text), (4 bytes).
    Removing system_msp432p401r.o(.revsh_text), (4 bytes).
    Removing system_msp432p401r.o(.rrx_text), (6 bytes).
    Removing system_msp432p401r.o(i.SystemCoreClockUpdate), (628 bytes).
    Removing system_msp432p401r.o(.data), (4 bytes).

69 unused section(s) (total 6228 bytes) removed from the image.

==============================================================================

Image Symbol Table

    Local Symbols

    Symbol Name                              Value     Ov Type        Size  Object(Section)

    RESET                                    0x00000000   Section      324  startup_msp432p401r_uvision.o(RESET)
    ../clib/angel/boardlib.s                 0x00000000   Number         0  boardshut.o ABSOLUTE
    ../clib/angel/boardlib.s                 0x00000000   Number         0  boardinit3.o ABSOLUTE
    ../clib/angel/boardlib.s                 0x00000000   Number         0  boardinit2.o ABSOLUTE
    ../clib/angel/boardlib.s                 0x00000000   Number         0  boardinit1.o ABSOLUTE
    ../clib/angel/handlers.s                 0x00000000   Number         0  __scatter_zi.o ABSOLUTE
    ../clib/angel/handlers.s                 0x00000000   Number         0  __scatter_copy.o ABSOLUTE
    ../clib/angel/kernel.s                   0x00000000   Number         0  rtexit2.o ABSOLUTE
    ../clib/angel/kernel.s                   0x00000000   Number         0  __rtentry2.o ABSOLUTE
    ../clib/angel/kernel.s                   0x00000000   Number         0  rtexit.o ABSOLUTE
    ../clib/angel/kernel.s                   0x00000000   Number         0  __rtentry.o ABSOLUTE
    ../clib/angel/kernel.s                   0x00000000   Number         0  __rtentry4.o ABSOLUTE
    ../clib/angel/rt.s                       0x00000000   Number         0  rt_raise.o ABSOLUTE
    ../clib/angel/scatter.s                  0x00000000   Number         0  __scatter.o ABSOLUTE
    ../clib/angel/startup.s                  0x00000000   Number         0  __main.o ABSOLUTE
    ../clib/angel/sys.s                      0x00000000   Number         0  sys_stackheap_outer.o ABSOLUTE
    ../clib/angel/sys.s                      0x00000000   Number         0  libspace.o ABSOLUTE
    ../clib/angel/sys.s                      0x00000000   Number         0  indicate_semi.o ABSOLUTE
    ../clib/angel/sys.s                      0x00000000   Number         0  use_no_semi.o ABSOLUTE
    ../clib/angel/sysapp.c                   0x00000000   Number         0  sys_command.o ABSOLUTE
    ../clib/angel/sysapp.c                   0x00000000   Number         0  sys_wrch.o ABSOLUTE
    ../clib/angel/sysapp.c                   0x00000000   Number         0  sys_exit.o ABSOLUTE
    ../clib/armsys.c                         0x00000000   Number         0  no_argv.o ABSOLUTE
    ../clib/armsys.c                         0x00000000   Number         0  _get_argv_nomalloc.o ABSOLUTE
    ../clib/armsys.c                         0x00000000   Number         0  argv_veneer.o ABSOLUTE
    ../clib/armsys.c                         0x00000000   Number         0  argv_veneer.o ABSOLUTE
    ../clib/heapalloc.c                      0x00000000   Number         0  hrguard.o ABSOLUTE
    ../clib/heapaux.c                        0x00000000   Number         0  heapauxi.o ABSOLUTE
    ../clib/libinit.s                        0x00000000   Number         0  libinit2.o ABSOLUTE
    ../clib/libinit.s                        0x00000000   Number         0  libshutdown2.o ABSOLUTE
    ../clib/libinit.s                        0x00000000   Number         0  libshutdown.o ABSOLUTE
    ../clib/libinit.s                        0x00000000   Number         0  libinit.o ABSOLUTE
    ../clib/signal.c                         0x00000000   Number         0  defsig_segv_inner.o ABSOLUTE
    ../clib/signal.c                         0x00000000   Number         0  defsig_pvfn_inner.o ABSOLUTE
    ../clib/signal.c                         0x00000000   Number         0  defsig_stak_inner.o ABSOLUTE
    ../clib/signal.c                         0x00000000   Number         0  defsig_fpe_inner.o ABSOLUTE
    ../clib/signal.c                         0x00000000   Number         0  defsig_abrt_inner.o ABSOLUTE
    ../clib/signal.c                         0x00000000   Number         0  defsig_general.o ABSOLUTE
    ../clib/signal.c                         0x00000000   Number         0  __raise.o ABSOLUTE
    ../clib/signal.c                         0x00000000   Number         0  defsig_rtmem_formal.o ABSOLUTE
    ../clib/signal.c                         0x00000000   Number         0  defsig_rtmem_inner.o ABSOLUTE
    ../clib/signal.c                         0x00000000   Number         0  defsig_exit.o ABSOLUTE
    ../clib/signal.c                         0x00000000   Number         0  defsig_cppl_inner.o ABSOLUTE
    ../clib/signal.c                         0x00000000   Number         0  defsig_rtmem_outer.o ABSOLUTE
    ../clib/signal.c                         0x00000000   Number         0  defsig_rtred_inner.o ABSOLUTE
    ../clib/signal.c                         0x00000000   Number         0  defsig_other.o ABSOLUTE
    ../clib/signal.s                         0x00000000   Number         0  defsig.o ABSOLUTE
    ../clib/stdlib.c                         0x00000000   Number         0  exit.o ABSOLUTE
    ../fplib/fpinit.s                        0x00000000   Number         0  fpinit.o ABSOLUTE
    ..\\inc\\BSP.c                           0x00000000   Number         0  bsp.o ABSOLUTE
    ..\\inc\\CortexM.c                       0x00000000   Number         0  cortexm.o ABSOLUTE
    ..\inc\BSP.c                             0x00000000   Number         0  bsp.o ABSOLUTE
    ..\inc\CortexM.c                         0x00000000   Number         0  cortexm.o ABSOLUTE
    RTE\Device\MSP432P401R\startup_msp432p401r_uvision.s 0x00000000   Number         0  startup_msp432p401r_uvision.o ABSOLUTE
    RTE\Device\MSP432P401R\system_msp432p401r.c 0x00000000   Number         0  system_msp432p401r.o ABSOLUTE
    RTE\\Device\\MSP432P401R\\system_msp432p401r.c 0x00000000   Number         0  system_msp432p401r.o ABSOLUTE
    dc.s                                     0x00000000   Number         0  dc.o ABSOLUTE
    main.c                                   0x00000000   Number         0  main.o ABSOLUTE
    main.c                                   0x00000000   Number         0  main.o ABSOLUTE
    !!!main                                  0x00000144   Section        8  __main.o(!!!main)
    !!!scatter                               0x0000014c   Section       52  __scatter.o(!!!scatter)
    !!handler_copy                           0x00000180   Section       26  __scatter_copy.o(!!handler_copy)
    !!handler_zi                             0x0000019c   Section       28  __scatter_zi.o(!!handler_zi)
    .ARM.Collect$$libinit$$00000000          0x000001b8   Section        2  libinit.o(.ARM.Collect$$libinit$$00000000)
    .ARM.Collect$$libinit$$00000001          0x000001ba   Section        4  libinit2.o(.ARM.Collect$$libinit$$00000001)
    .ARM.Collect$$libinit$$00000004          0x000001be   Section        0  libinit2.o(.ARM.Collect$$libinit$$00000004)
    .ARM.Collect$$libinit$$0000000A          0x000001be   Section        0  libinit2.o(.ARM.Collect$$libinit$$0000000A)
    .ARM.Collect$$libinit$$0000000C          0x000001be   Section        0  libinit2.o(.ARM.Collect$$libinit$$0000000C)
    .ARM.Collect$$libinit$$0000000E          0x000001be   Section        0  libinit2.o(.ARM.Collect$$libinit$$0000000E)
    .ARM.Collect$$libinit$$00000011          0x000001be   Section        0  libinit2.o(.ARM.Collect$$libinit$$00000011)
    .ARM.Collect$$libinit$$00000013          0x000001be   Section        0  libinit2.o(.ARM.Collect$$libinit$$00000013)
    .ARM.Collect$$libinit$$00000015          0x000001be   Section        0  libinit2.o(.ARM.Collect$$libinit$$00000015)
    .ARM.Collect$$libinit$$00000017          0x000001be   Section        0  libinit2.o(.ARM.Collect$$libinit$$00000017)
    .ARM.Collect$$libinit$$00000019          0x000001be   Section        0  libinit2.o(.ARM.Collect$$libinit$$00000019)
    .ARM.Collect$$libinit$$0000001B          0x000001be   Section        0  libinit2.o(.ARM.Collect$$libinit$$0000001B)
    .ARM.Collect$$libinit$$0000001D          0x000001be   Section        0  libinit2.o(.ARM.Collect$$libinit$$0000001D)
    .ARM.Collect$$libinit$$0000001F          0x000001be   Section        0  libinit2.o(.ARM.Collect$$libinit$$0000001F)
    .ARM.Collect$$libinit$$00000021          0x000001be   Section        0  libinit2.o(.ARM.Collect$$libinit$$00000021)
    .ARM.Collect$$libinit$$00000023          0x000001be   Section        0  libinit2.o(.ARM.Collect$$libinit$$00000023)
    .ARM.Collect$$libinit$$00000025          0x000001be   Section        0  libinit2.o(.ARM.Collect$$libinit$$00000025)
    .ARM.Collect$$libinit$$0000002C          0x000001be   Section        0  libinit2.o(.ARM.Collect$$libinit$$0000002C)
    .ARM.Collect$$libinit$$0000002E          0x000001be   Section        0  libinit2.o(.ARM.Collect$$libinit$$0000002E)
    .ARM.Collect$$libinit$$00000030          0x000001be   Section        0  libinit2.o(.ARM.Collect$$libinit$$00000030)
    .ARM.Collect$$libinit$$00000032          0x000001be   Section        0  libinit2.o(.ARM.Collect$$libinit$$00000032)
    .ARM.Collect$$libinit$$00000033          0x000001be   Section        2  libinit2.o(.ARM.Collect$$libinit$$00000033)
    .ARM.Collect$$libshutdown$$00000000      0x000001c0   Section        2  libshutdown.o(.ARM.Collect$$libshutdown$$00000000)
    .ARM.Collect$$libshutdown$$00000002      0x000001c2   Section        0  libshutdown2.o(.ARM.Collect$$libshutdown$$00000002)
    .ARM.Collect$$libshutdown$$00000004      0x000001c2   Section        0  libshutdown2.o(.ARM.Collect$$libshutdown$$00000004)
    .ARM.Collect$$libshutdown$$00000007      0x000001c2   Section        0  libshutdown2.o(.ARM.Collect$$libshutdown$$00000007)
    .ARM.Collect$$libshutdown$$0000000A      0x000001c2   Section        0  libshutdown2.o(.ARM.Collect$$libshutdown$$0000000A)
    .ARM.Collect$$libshutdown$$0000000C      0x000001c2   Section        0  libshutdown2.o(.ARM.Collect$$libshutdown$$0000000C)
    .ARM.Collect$$libshutdown$$0000000F      0x000001c2   Section        0  libshutdown2.o(.ARM.Collect$$libshutdown$$0000000F)
    .ARM.Collect$$libshutdown$$00000010      0x000001c2   Section        2  libshutdown2.o(.ARM.Collect$$libshutdown$$00000010)
    .ARM.Collect$$rtentry$$00000000          0x000001c4   Section        0  __rtentry.o(.ARM.Collect$$rtentry$$00000000)
    .ARM.Collect$$rtentry$$00000002          0x000001c4   Section        0  __rtentry2.o(.ARM.Collect$$rtentry$$00000002)
    .ARM.Collect$$rtentry$$00000004          0x000001c4   Section        6  __rtentry4.o(.ARM.Collect$$rtentry$$00000004)
    .ARM.Collect$$rtentry$$00000009          0x000001ca   Section        0  __rtentry2.o(.ARM.Collect$$rtentry$$00000009)
    .ARM.Collect$$rtentry$$0000000A          0x000001ca   Section        4  __rtentry2.o(.ARM.Collect$$rtentry$$0000000A)
    .ARM.Collect$$rtentry$$0000000C          0x000001ce   Section        0  __rtentry2.o(.ARM.Collect$$rtentry$$0000000C)
    .ARM.Collect$$rtentry$$0000000D          0x000001ce   Section        8  __rtentry2.o(.ARM.Collect$$rtentry$$0000000D)
    .ARM.Collect$$rtexit$$00000000           0x000001d6   Section        2  rtexit.o(.ARM.Collect$$rtexit$$00000000)
    .ARM.Collect$$rtexit$$00000002           0x000001d8   Section        0  rtexit2.o(.ARM.Collect$$rtexit$$00000002)
    .ARM.Collect$$rtexit$$00000003           0x000001d8   Section        4  rtexit2.o(.ARM.Collect$$rtexit$$00000003)
    .ARM.Collect$$rtexit$$00000004           0x000001dc   Section        6  rtexit2.o(.ARM.Collect$$rtexit$$00000004)
    .emb_text                                0x000001e4   Section        6  bsp.o(.emb_text)
    $v0                                      0x000001e4   Number         0  bsp.o(.emb_text)
    .emb_text                                0x000001ec   Section       32  cortexm.o(.emb_text)
    $v0                                      0x000001ec   Number         0  cortexm.o(.emb_text)
    .text                                    0x0000020c   Section       60  startup_msp432p401r_uvision.o(.text)
    $v0                                      0x0000020c   Number         0  startup_msp432p401r_uvision.o(.text)
    .text                                    0x00000248   Section        0  heapauxi.o(.text)
    .text                                    0x0000024e   Section       74  sys_stackheap_outer.o(.text)
    .text                                    0x00000298   Section        0  exit.o(.text)
    .text                                    0x000002ac   Section        8  libspace.o(.text)
    .text                                    0x000002b4   Section        0  sys_exit.o(.text)
    .text                                    0x000002c0   Section        2  use_no_semi.o(.text)
    .text                                    0x000002c2   Section        0  indicate_semi.o(.text)
    i.BSP_Clock_InitFastest                  0x000002c4   Section        0  bsp.o(i.BSP_Clock_InitFastest)
    i.BSP_Delay1ms                           0x0000044c   Section        0  bsp.o(i.BSP_Delay1ms)
    i.BSP_Joystick_Init                      0x00000464   Section        0  bsp.o(i.BSP_Joystick_Init)
    i.BSP_Joystick_Input                     0x000004f8   Section        0  bsp.o(i.BSP_Joystick_Input)
    i.BSP_LCD_Color565                       0x00000580   Section        0  bsp.o(i.BSP_LCD_Color565)
    i.BSP_LCD_DrawChar                       0x00000598   Section        0  bsp.o(i.BSP_LCD_DrawChar)
    i.BSP_LCD_DrawString                     0x000006a8   Section        0  bsp.o(i.BSP_LCD_DrawString)
    i.BSP_LCD_FillRect                       0x000006fc   Section        0  bsp.o(i.BSP_LCD_FillRect)
    i.BSP_LCD_FillScreen                     0x000007a8   Section        0  bsp.o(i.BSP_LCD_FillScreen)
    i.BSP_LCD_Init                           0x000007cc   Section        0  bsp.o(i.BSP_LCD_Init)
    i.BSP_LCD_OutUDec                        0x000007d8   Section        0  bsp.o(i.BSP_LCD_OutUDec)
    i.BSP_LCD_SetCursor                      0x00000868   Section        0  bsp.o(i.BSP_LCD_SetCursor)
    i.ST7735_InitR                           0x00000888   Section        0  bsp.o(i.ST7735_InitR)
    ST7735_InitR                             0x00000889   Thumb Code    86  bsp.o(i.ST7735_InitR)
    i.SysTick_Handler                        0x000008fc   Section        0  main.o(i.SysTick_Handler)
    i.SystemInit                             0x00000994   Section        0  system_msp432p401r.o(i.SystemInit)
    i.T32_INT1_IRQHandler                    0x00000a00   Section        0  bsp.o(i.T32_INT1_IRQHandler)
    i.TA1_0_IRQHandler                       0x00000a18   Section        0  bsp.o(i.TA1_0_IRQHandler)
    i.TA2_0_IRQHandler                       0x00000a38   Section        0  bsp.o(i.TA2_0_IRQHandler)
    i.adcinit                                0x00000a58   Section        0  bsp.o(i.adcinit)
    adcinit                                  0x00000a59   Thumb Code    50  bsp.o(i.adcinit)
    i.commandList                            0x00000a98   Section        0  bsp.o(i.commandList)
    commandList                              0x00000a99   Thumb Code    86  bsp.o(i.commandList)
    i.commonInit                             0x00000af0   Section        0  bsp.o(i.commonInit)
    commonInit                               0x00000af1   Thumb Code   232  bsp.o(i.commonInit)
    i.fillmessage                            0x00000bec   Section        0  bsp.o(i.fillmessage)
    fillmessage                              0x00000bed   Thumb Code    64  bsp.o(i.fillmessage)
    i.main                                   0x00000c34   Section        0  main.o(i.main)
    i.pushColor                              0x00000cf0   Section        0  bsp.o(i.pushColor)
    pushColor                                0x00000cf1   Thumb Code    18  bsp.o(i.pushColor)
    i.setAddrWindow                          0x00000d04   Section        0  bsp.o(i.setAddrWindow)
    setAddrWindow                            0x00000d05   Thumb Code   106  bsp.o(i.setAddrWindow)
    i.writecommand                           0x00000d78   Section        0  bsp.o(i.writecommand)
    writecommand                             0x00000d79   Thumb Code    58  bsp.o(i.writecommand)
    i.writedata                              0x00000dc0   Section        0  bsp.o(i.writedata)
    writedata                                0x00000dc1   Thumb Code    60  bsp.o(i.writedata)
    x$fpl$fpinit                             0x00000e08   Section       10  fpinit.o(x$fpl$fpinit)
    $v0                                      0x00000e08   Number         0  fpinit.o(x$fpl$fpinit)
    .constdata                               0x00000e12   Section     1403  bsp.o(.constdata)
    Font                                     0x00000e12   Data        1275  bsp.o(.constdata)
    Rcmd1                                    0x0000130d   Data          59  bsp.o(.constdata)
    Rcmd2green                               0x00001348   Data          13  bsp.o(.constdata)
    Rcmd2red                                 0x00001355   Data          13  bsp.o(.constdata)
    Rcmd3                                    0x00001362   Data          43  bsp.o(.constdata)
    .data                                    0x20000000   Section        4  main.o(.data)
    .data                                    0x20000004   Section       92  bsp.o(.data)
    ClockFrequency                           0x20000004   Data           4  bsp.o(.data)
    SubsystemFrequency                       0x20000008   Data           4  bsp.o(.data)
    PWMCycles                                0x2000000c   Data           2  bsp.o(.data)
    ColStart                                 0x2000001a   Data           1  bsp.o(.data)
    RowStart                                 0x2000001b   Data           1  bsp.o(.data)
    _width                                   0x2000001c   Data           2  bsp.o(.data)
    _height                                  0x2000001e   Data           2  bsp.o(.data)
    .bss                                     0x20000060   Section       12  bsp.o(.bss)
    .bss                                     0x2000006c   Section       96  libspace.o(.bss)
    HEAP                                     0x200000d0   Section        0  startup_msp432p401r_uvision.o(HEAP)
    STACK                                    0x200000d0   Section      512  startup_msp432p401r_uvision.o(STACK)
    Heap_Mem                                 0x200000d0   Data           0  startup_msp432p401r_uvision.o(HEAP)
    Stack_Mem                                0x200000d0   Data         512  startup_msp432p401r_uvision.o(STACK)
    __initial_sp                             0x200002d0   Data           0  startup_msp432p401r_uvision.o(STACK)

    Global Symbols

    Symbol Name                              Value     Ov Type        Size  Object(Section)

    BuildAttributes$$THM_ISAv4$E$P$D$K$B$S$7EM$VFPi3$EXTD16$VFPS$VFMA$PE$A:L22UL41UL21$X:L11$S22US41US21$IEEE1$IW$USESV6$~STKCKD$USESV7$~SHL$OSPACE$ROPI$EBA8$UX$STANDARDLIB$REQ8$PRES8$EABIv2 0x00000000   Number         0  anon$$obj.o ABSOLUTE
    __ARM_use_no_argv                        0x00000000   Number         0  main.o ABSOLUTE
    __Vectors                                0x00000000   Data           4  startup_msp432p401r_uvision.o(RESET)
    __ARM_exceptions_init                     - Undefined Weak Reference
    __alloca_initialize                       - Undefined Weak Reference
    __arm_preinit_                            - Undefined Weak Reference
    __cpp_initialize__aeabi_                  - Undefined Weak Reference
    __cxa_finalize                            - Undefined Weak Reference
    __rt_locale                               - Undefined Weak Reference
    __sigvec_lookup                           - Undefined Weak Reference
    _atexit_init                              - Undefined Weak Reference
    _call_atexit_fns                          - Undefined Weak Reference
    _clock_init                               - Undefined Weak Reference
    _fp_trap_init                             - Undefined Weak Reference
    _fp_trap_shutdown                         - Undefined Weak Reference
    _get_lc_collate                           - Undefined Weak Reference
    _get_lc_ctype                             - Undefined Weak Reference
    _get_lc_monetary                          - Undefined Weak Reference
    _get_lc_numeric                           - Undefined Weak Reference
    _get_lc_time                              - Undefined Weak Reference
    _getenv_init                              - Undefined Weak Reference
    _handle_redirection                       - Undefined Weak Reference
    _init_alloc                               - Undefined Weak Reference
    _init_user_alloc                          - Undefined Weak Reference
    _initio                                   - Undefined Weak Reference
    _rand_init                                - Undefined Weak Reference
    _signal_finish                            - Undefined Weak Reference
    _signal_init                              - Undefined Weak Reference
    _terminate_alloc                          - Undefined Weak Reference
    _terminate_user_alloc                     - Undefined Weak Reference
    _terminateio                              - Undefined Weak Reference
    __Vectors_End                            0x00000144   Data           0  startup_msp432p401r_uvision.o(RESET)
    __Vectors_Size                           0x00000144   Number         0  startup_msp432p401r_uvision.o ABSOLUTE
    __main                                   0x00000145   Thumb Code     8  __main.o(!!!main)
    __scatterload                            0x0000014d   Thumb Code     0  __scatter.o(!!!scatter)
    __scatterload_rt2                        0x0000014d   Thumb Code    44  __scatter.o(!!!scatter)
    __scatterload_rt2_thumb_only             0x0000014d   Thumb Code     0  __scatter.o(!!!scatter)
    __scatterload_null                       0x0000015b   Thumb Code     0  __scatter.o(!!!scatter)
    __scatterload_copy                       0x00000181   Thumb Code    26  __scatter_copy.o(!!handler_copy)
    __scatterload_zeroinit                   0x0000019d   Thumb Code    28  __scatter_zi.o(!!handler_zi)
    __rt_lib_init                            0x000001b9   Thumb Code     0  libinit.o(.ARM.Collect$$libinit$$00000000)
    __rt_lib_init_fp_1                       0x000001bb   Thumb Code     0  libinit2.o(.ARM.Collect$$libinit$$00000001)
    __rt_lib_init_alloca_1                   0x000001bf   Thumb Code     0  libinit2.o(.ARM.Collect$$libinit$$0000002E)
    __rt_lib_init_argv_1                     0x000001bf   Thumb Code     0  libinit2.o(.ARM.Collect$$libinit$$0000002C)
    __rt_lib_init_atexit_1                   0x000001bf   Thumb Code     0  libinit2.o(.ARM.Collect$$libinit$$0000001B)
    __rt_lib_init_clock_1                    0x000001bf   Thumb Code     0  libinit2.o(.ARM.Collect$$libinit$$00000021)
    __rt_lib_init_cpp_1                      0x000001bf   Thumb Code     0  libinit2.o(.ARM.Collect$$libinit$$00000032)
    __rt_lib_init_exceptions_1               0x000001bf   Thumb Code     0  libinit2.o(.ARM.Collect$$libinit$$00000030)
    __rt_lib_init_fp_trap_1                  0x000001bf   Thumb Code     0  libinit2.o(.ARM.Collect$$libinit$$0000001F)
    __rt_lib_init_getenv_1                   0x000001bf   Thumb Code     0  libinit2.o(.ARM.Collect$$libinit$$00000023)
    __rt_lib_init_heap_1                     0x000001bf   Thumb Code     0  libinit2.o(.ARM.Collect$$libinit$$0000000A)
    __rt_lib_init_lc_collate_1               0x000001bf   Thumb Code     0  libinit2.o(.ARM.Collect$$libinit$$00000011)
    __rt_lib_init_lc_ctype_1                 0x000001bf   Thumb Code     0  libinit2.o(.ARM.Collect$$libinit$$00000013)
    __rt_lib_init_lc_monetary_1              0x000001bf   Thumb Code     0  libinit2.o(.ARM.Collect$$libinit$$00000015)
    __rt_lib_init_lc_numeric_1               0x000001bf   Thumb Code     0  libinit2.o(.ARM.Collect$$libinit$$00000017)
    __rt_lib_init_lc_time_1                  0x000001bf   Thumb Code     0  libinit2.o(.ARM.Collect$$libinit$$00000019)
    __rt_lib_init_preinit_1                  0x000001bf   Thumb Code     0  libinit2.o(.ARM.Collect$$libinit$$00000004)
    __rt_lib_init_rand_1                     0x000001bf   Thumb Code     0  libinit2.o(.ARM.Collect$$libinit$$0000000E)
    __rt_lib_init_return                     0x000001bf   Thumb Code     0  libinit2.o(.ARM.Collect$$libinit$$00000033)
    __rt_lib_init_signal_1                   0x000001bf   Thumb Code     0  libinit2.o(.ARM.Collect$$libinit$$0000001D)
    __rt_lib_init_stdio_1                    0x000001bf   Thumb Code     0  libinit2.o(.ARM.Collect$$libinit$$00000025)
    __rt_lib_init_user_alloc_1               0x000001bf   Thumb Code     0  libinit2.o(.ARM.Collect$$libinit$$0000000C)
    __rt_lib_shutdown                        0x000001c1   Thumb Code     0  libshutdown.o(.ARM.Collect$$libshutdown$$00000000)
    __rt_lib_shutdown_cpp_1                  0x000001c3   Thumb Code     0  libshutdown2.o(.ARM.Collect$$libshutdown$$00000002)
    __rt_lib_shutdown_fp_trap_1              0x000001c3   Thumb Code     0  libshutdown2.o(.ARM.Collect$$libshutdown$$00000007)
    __rt_lib_shutdown_heap_1                 0x000001c3   Thumb Code     0  libshutdown2.o(.ARM.Collect$$libshutdown$$0000000F)
    __rt_lib_shutdown_return                 0x000001c3   Thumb Code     0  libshutdown2.o(.ARM.Collect$$libshutdown$$00000010)
    __rt_lib_shutdown_signal_1               0x000001c3   Thumb Code     0  libshutdown2.o(.ARM.Collect$$libshutdown$$0000000A)
    __rt_lib_shutdown_stdio_1                0x000001c3   Thumb Code     0  libshutdown2.o(.ARM.Collect$$libshutdown$$00000004)
    __rt_lib_shutdown_user_alloc_1           0x000001c3   Thumb Code     0  libshutdown2.o(.ARM.Collect$$libshutdown$$0000000C)
    __rt_entry                               0x000001c5   Thumb Code     0  __rtentry.o(.ARM.Collect$$rtentry$$00000000)
    __rt_entry_presh_1                       0x000001c5   Thumb Code     0  __rtentry2.o(.ARM.Collect$$rtentry$$00000002)
    __rt_entry_sh                            0x000001c5   Thumb Code     0  __rtentry4.o(.ARM.Collect$$rtentry$$00000004)
    __rt_entry_li                            0x000001cb   Thumb Code     0  __rtentry2.o(.ARM.Collect$$rtentry$$0000000A)
    __rt_entry_postsh_1                      0x000001cb   Thumb Code     0  __rtentry2.o(.ARM.Collect$$rtentry$$00000009)
    __rt_entry_main                          0x000001cf   Thumb Code     0  __rtentry2.o(.ARM.Collect$$rtentry$$0000000D)
    __rt_entry_postli_1                      0x000001cf   Thumb Code     0  __rtentry2.o(.ARM.Collect$$rtentry$$0000000C)
    __rt_exit                                0x000001d7   Thumb Code     0  rtexit.o(.ARM.Collect$$rtexit$$00000000)
    __rt_exit_ls                             0x000001d9   Thumb Code     0  rtexit2.o(.ARM.Collect$$rtexit$$00000003)
    __rt_exit_prels_1                        0x000001d9   Thumb Code     0  rtexit2.o(.ARM.Collect$$rtexit$$00000002)
    __rt_exit_exit                           0x000001dd   Thumb Code     0  rtexit2.o(.ARM.Collect$$rtexit$$00000004)
    parrotdelay                              0x000001e5   Thumb Code     6  bsp.o(.emb_text)
    DisableInterrupts                        0x000001ed   Thumb Code     4  cortexm.o(.emb_text)
    EnableInterrupts                         0x000001f1   Thumb Code     4  cortexm.o(.emb_text)
    StartCritical                            0x000001f5   Thumb Code     8  cortexm.o(.emb_text)
    EndCritical                              0x000001fd   Thumb Code     6  cortexm.o(.emb_text)
    WaitForInterrupt                         0x00000203   Thumb Code     4  cortexm.o(.emb_text)
    delay                                    0x00000207   Thumb Code     6  cortexm.o(.emb_text)
    Reset_Handler                            0x0000020d   Thumb Code     8  startup_msp432p401r_uvision.o(.text)
    NMI_Handler                              0x00000215   Thumb Code     2  startup_msp432p401r_uvision.o(.text)
    HardFault_Handler                        0x00000217   Thumb Code     2  startup_msp432p401r_uvision.o(.text)
    MemManage_Handler                        0x00000219   Thumb Code     2  startup_msp432p401r_uvision.o(.text)
    BusFault_Handler                         0x0000021b   Thumb Code     2  startup_msp432p401r_uvision.o(.text)
    UsageFault_Handler                       0x0000021d   Thumb Code     2  startup_msp432p401r_uvision.o(.text)
    SVC_Handler                              0x0000021f   Thumb Code     2  startup_msp432p401r_uvision.o(.text)
    DebugMon_Handler                         0x00000221   Thumb Code     2  startup_msp432p401r_uvision.o(.text)
    PendSV_Handler                           0x00000223   Thumb Code     2  startup_msp432p401r_uvision.o(.text)
    ADC14_IRQHandler                         0x00000227   Thumb Code     0  startup_msp432p401r_uvision.o(.text)
    AES256_IRQHandler                        0x00000227   Thumb Code     0  startup_msp432p401r_uvision.o(.text)
    COMP_E0_IRQHandler                       0x00000227   Thumb Code     0  startup_msp432p401r_uvision.o(.text)
    COMP_E1_IRQHandler                       0x00000227   Thumb Code     0  startup_msp432p401r_uvision.o(.text)
    CS_IRQHandler                            0x00000227   Thumb Code     0  startup_msp432p401r_uvision.o(.text)
    DMA_ERR_IRQHandler                       0x00000227   Thumb Code     0  startup_msp432p401r_uvision.o(.text)
    DMA_INT0_IRQHandler                      0x00000227   Thumb Code     0  startup_msp432p401r_uvision.o(.text)
    DMA_INT1_IRQHandler                      0x00000227   Thumb Code     0  startup_msp432p401r_uvision.o(.text)
    DMA_INT2_IRQHandler                      0x00000227   Thumb Code     0  startup_msp432p401r_uvision.o(.text)
    DMA_INT3_IRQHandler                      0x00000227   Thumb Code     0  startup_msp432p401r_uvision.o(.text)
    EUSCIA0_IRQHandler                       0x00000227   Thumb Code     0  startup_msp432p401r_uvision.o(.text)
    EUSCIA1_IRQHandler                       0x00000227   Thumb Code     0  startup_msp432p401r_uvision.o(.text)
    EUSCIA2_IRQHandler                       0x00000227   Thumb Code     0  startup_msp432p401r_uvision.o(.text)
    EUSCIA3_IRQHandler                       0x00000227   Thumb Code     0  startup_msp432p401r_uvision.o(.text)
    EUSCIB0_IRQHandler                       0x00000227   Thumb Code     0  startup_msp432p401r_uvision.o(.text)
    EUSCIB1_IRQHandler                       0x00000227   Thumb Code     0  startup_msp432p401r_uvision.o(.text)
    EUSCIB2_IRQHandler                       0x00000227   Thumb Code     0  startup_msp432p401r_uvision.o(.text)
    EUSCIB3_IRQHandler                       0x00000227   Thumb Code     0  startup_msp432p401r_uvision.o(.text)
    FLCTL_IRQHandler                         0x00000227   Thumb Code     0  startup_msp432p401r_uvision.o(.text)
    FPU_IRQHandler                           0x00000227   Thumb Code     0  startup_msp432p401r_uvision.o(.text)
    PCM_IRQHandler                           0x00000227   Thumb Code     0  startup_msp432p401r_uvision.o(.text)
    PORT1_IRQHandler                         0x00000227   Thumb Code     0  startup_msp432p401r_uvision.o(.text)
    PORT2_IRQHandler                         0x00000227   Thumb Code     0  startup_msp432p401r_uvision.o(.text)
    PORT3_IRQHandler                         0x00000227   Thumb Code     0  startup_msp432p401r_uvision.o(.text)
    PORT4_IRQHandler                         0x00000227   Thumb Code     0  startup_msp432p401r_uvision.o(.text)
    PORT5_IRQHandler                         0x00000227   Thumb Code     0  startup_msp432p401r_uvision.o(.text)
    PORT6_IRQHandler                         0x00000227   Thumb Code     0  startup_msp432p401r_uvision.o(.text)
    PSS_IRQHandler                           0x00000227   Thumb Code     0  startup_msp432p401r_uvision.o(.text)
    RTC_C_IRQHandler                         0x00000227   Thumb Code     0  startup_msp432p401r_uvision.o(.text)
    T32_INT2_IRQHandler                      0x00000227   Thumb Code     0  startup_msp432p401r_uvision.o(.text)
    T32_INTC_IRQHandler                      0x00000227   Thumb Code     0  startup_msp432p401r_uvision.o(.text)
    TA0_0_IRQHandler                         0x00000227   Thumb Code     0  startup_msp432p401r_uvision.o(.text)
    TA0_N_IRQHandler                         0x00000227   Thumb Code     0  startup_msp432p401r_uvision.o(.text)
    TA1_N_IRQHandler                         0x00000227   Thumb Code     0  startup_msp432p401r_uvision.o(.text)
    TA2_N_IRQHandler                         0x00000227   Thumb Code     0  startup_msp432p401r_uvision.o(.text)
    TA3_0_IRQHandler                         0x00000227   Thumb Code     0  startup_msp432p401r_uvision.o(.text)
    TA3_N_IRQHandler                         0x00000227   Thumb Code     0  startup_msp432p401r_uvision.o(.text)
    WDT_A_IRQHandler                         0x00000227   Thumb Code     0  startup_msp432p401r_uvision.o(.text)
    __user_initial_stackheap                 0x00000229   Thumb Code    10  startup_msp432p401r_uvision.o(.text)
    __use_two_region_memory                  0x00000249   Thumb Code     2  heapauxi.o(.text)
    __rt_heap_escrow$2region                 0x0000024b   Thumb Code     2  heapauxi.o(.text)
    __rt_heap_expand$2region                 0x0000024d   Thumb Code     2  heapauxi.o(.text)
    __user_setup_stackheap                   0x0000024f   Thumb Code    74  sys_stackheap_outer.o(.text)
    exit                                     0x00000299   Thumb Code    18  exit.o(.text)
    __user_libspace                          0x000002ad   Thumb Code     8  libspace.o(.text)
    __user_perproc_libspace                  0x000002ad   Thumb Code     0  libspace.o(.text)
    __user_perthread_libspace                0x000002ad   Thumb Code     0  libspace.o(.text)
    _sys_exit                                0x000002b5   Thumb Code     8  sys_exit.o(.text)
    __I$use$semihosting                      0x000002c1   Thumb Code     0  use_no_semi.o(.text)
    __use_no_semihosting_swi                 0x000002c1   Thumb Code     2  use_no_semi.o(.text)
    __semihosting_library_function           0x000002c3   Thumb Code     0  indicate_semi.o(.text)
    BSP_Clock_InitFastest                    0x000002c5   Thumb Code   328  bsp.o(i.BSP_Clock_InitFastest)
    BSP_Delay1ms                             0x0000044d   Thumb Code    22  bsp.o(i.BSP_Delay1ms)
    BSP_Joystick_Init                        0x00000465   Thumb Code   138  bsp.o(i.BSP_Joystick_Init)
    BSP_Joystick_Input                       0x000004f9   Thumb Code   122  bsp.o(i.BSP_Joystick_Input)
    BSP_LCD_Color565                         0x00000581   Thumb Code    24  bsp.o(i.BSP_LCD_Color565)
    BSP_LCD_DrawChar                         0x00000599   Thumb Code   260  bsp.o(i.BSP_LCD_DrawChar)
    BSP_LCD_DrawString                       0x000006a9   Thumb Code    84  bsp.o(i.BSP_LCD_DrawString)
    BSP_LCD_FillRect                         0x000006fd   Thumb Code   164  bsp.o(i.BSP_LCD_FillRect)
    BSP_LCD_FillScreen                       0x000007a9   Thumb Code    28  bsp.o(i.BSP_LCD_FillScreen)
    BSP_LCD_Init                             0x000007cd   Thumb Code    10  bsp.o(i.BSP_LCD_Init)
    BSP_LCD_OutUDec                          0x000007d9   Thumb Code   120  bsp.o(i.BSP_LCD_OutUDec)
    BSP_LCD_SetCursor                        0x00000869   Thumb Code    22  bsp.o(i.BSP_LCD_SetCursor)
    SysTick_Handler                          0x000008fd   Thumb Code   140  main.o(i.SysTick_Handler)
    SystemInit                               0x00000995   Thumb Code    86  system_msp432p401r.o(i.SystemInit)
    T32_INT1_IRQHandler                      0x00000a01   Thumb Code    16  bsp.o(i.T32_INT1_IRQHandler)
    TA1_0_IRQHandler                         0x00000a19   Thumb Code    22  bsp.o(i.TA1_0_IRQHandler)
    TA2_0_IRQHandler                         0x00000a39   Thumb Code    22  bsp.o(i.TA2_0_IRQHandler)
    main                                     0x00000c35   Thumb Code   142  main.o(i.main)
    _fp_init                                 0x00000e09   Thumb Code    10  fpinit.o(x$fpl$fpinit)
    __fplib_config_fpu_vfp                   0x00000e11   Thumb Code     0  fpinit.o(x$fpl$fpinit)
    __fplib_config_pureend_doubles           0x00000e11   Thumb Code     0  fpinit.o(x$fpl$fpinit)
    Region$$Table$$Base                      0x00001390   Number         0  anon$$obj.o(Region$$Table)
    Region$$Table$$Limit                     0x000013b0   Number         0  anon$$obj.o(Region$$Table)
    counts                                   0x20000000   Data           4  main.o(.data)
    StX                                      0x20000010   Data           4  bsp.o(.data)
    StY                                      0x20000014   Data           4  bsp.o(.data)
    StTextColor                              0x20000018   Data           2  bsp.o(.data)
    Messageindex                             0x20000020   Data           4  bsp.o(.data)
    TimeIndex                                0x20000024   Data           4  bsp.o(.data)
    Ymax                                     0x20000028   Data           4  bsp.o(.data)
    Ymin                                     0x2000002c   Data           4  bsp.o(.data)
    Yrange                                   0x20000030   Data           4  bsp.o(.data)
    PlotBGColor                              0x20000034   Data           2  bsp.o(.data)
    Prewait                                  0x20000038   Data           4  bsp.o(.data)
    CPMwait                                  0x2000003c   Data           4  bsp.o(.data)
    Postwait                                 0x20000040   Data           4  bsp.o(.data)
    IFlags                                   0x20000044   Data           4  bsp.o(.data)
    Crystalstable                            0x20000048   Data           4  bsp.o(.data)
    PeriodicTask                             0x2000004c   Data           4  bsp.o(.data)
    PeriodicTaskB                            0x20000050   Data           4  bsp.o(.data)
    PeriodicTaskC                            0x20000054   Data           4  bsp.o(.data)
    LightBusy                                0x20000058   Data           4  bsp.o(.data)
    TempBusy                                 0x2000005c   Data           4  bsp.o(.data)
    Message                                  0x20000060   Data          12  bsp.o(.bss)
    __libspace_start                         0x2000006c   Data          96  libspace.o(.bss)
    __temporary_stack_top$libspace           0x200000cc   Data           0  libspace.o(.bss)



==============================================================================

Memory Map of the image

  Image Entry point : 0x0000020d

  Load Region LR_1 (Base: 0x00000000, Size: 0x00001410, Max: 0xffffffff, ABSOLUTE)

    Execution Region ER_RO (Exec base: 0x00000000, Load base: 0x00000000, Size: 0x000013b0, Max: 0xffffffff, ABSOLUTE)

    Exec Addr    Load Addr    Size         Type   Attr      Idx    E Section Name        Object

    0x00000000   0x00000000   0x00000144   Data   RO          591    RESET               startup_msp432p401r_uvision.o
    0x00000144   0x00000144   0x00000008   Code   RO          649  * !!!main             c_w.l(__main.o)
    0x0000014c   0x0000014c   0x00000034   Code   RO          806    !!!scatter          c_w.l(__scatter.o)
    0x00000180   0x00000180   0x0000001a   Code   RO          808    !!handler_copy      c_w.l(__scatter_copy.o)
    0x0000019a   0x0000019a   0x00000002   PAD
    0x0000019c   0x0000019c   0x0000001c   Code   RO          810    !!handler_zi        c_w.l(__scatter_zi.o)
    0x000001b8   0x000001b8   0x00000002   Code   RO          676    .ARM.Collect$$libinit$$00000000  c_w.l(libinit.o)
    0x000001ba   0x000001ba   0x00000004   Code   RO          682    .ARM.Collect$$libinit$$00000001  c_w.l(libinit2.o)
    0x000001be   0x000001be   0x00000000   Code   RO          685    .ARM.Collect$$libinit$$00000004  c_w.l(libinit2.o)
    0x000001be   0x000001be   0x00000000   Code   RO          688    .ARM.Collect$$libinit$$0000000A  c_w.l(libinit2.o)
    0x000001be   0x000001be   0x00000000   Code   RO          690    .ARM.Collect$$libinit$$0000000C  c_w.l(libinit2.o)
    0x000001be   0x000001be   0x00000000   Code   RO          692    .ARM.Collect$$libinit$$0000000E  c_w.l(libinit2.o)
    0x000001be   0x000001be   0x00000000   Code   RO          695    .ARM.Collect$$libinit$$00000011  c_w.l(libinit2.o)
    0x000001be   0x000001be   0x00000000   Code   RO          697    .ARM.Collect$$libinit$$00000013  c_w.l(libinit2.o)
    0x000001be   0x000001be   0x00000000   Code   RO          699    .ARM.Collect$$libinit$$00000015  c_w.l(libinit2.o)
    0x000001be   0x000001be   0x00000000   Code   RO          701    .ARM.Collect$$libinit$$00000017  c_w.l(libinit2.o)
    0x000001be   0x000001be   0x00000000   Code   RO          703    .ARM.Collect$$libinit$$00000019  c_w.l(libinit2.o)
    0x000001be   0x000001be   0x00000000   Code   RO          705    .ARM.Collect$$libinit$$0000001B  c_w.l(libinit2.o)
    0x000001be   0x000001be   0x00000000   Code   RO          707    .ARM.Collect$$libinit$$0000001D  c_w.l(libinit2.o)
    0x000001be   0x000001be   0x00000000   Code   RO          709    .ARM.Collect$$libinit$$0000001F  c_w.l(libinit2.o)
    0x000001be   0x000001be   0x00000000   Code   RO          711    .ARM.Collect$$libinit$$00000021  c_w.l(libinit2.o)
    0x000001be   0x000001be   0x00000000   Code   RO          713    .ARM.Collect$$libinit$$00000023  c_w.l(libinit2.o)
    0x000001be   0x000001be   0x00000000   Code   RO          715    .ARM.Collect$$libinit$$00000025  c_w.l(libinit2.o)
    0x000001be   0x000001be   0x00000000   Code   RO          719    .ARM.Collect$$libinit$$0000002C  c_w.l(libinit2.o)
    0x000001be   0x000001be   0x00000000   Code   RO          721    .ARM.Collect$$libinit$$0000002E  c_w.l(libinit2.o)
    0x000001be   0x000001be   0x00000000   Code   RO          723    .ARM.Collect$$libinit$$00000030  c_w.l(libinit2.o)
    0x000001be   0x000001be   0x00000000   Code   RO          725    .ARM.Collect$$libinit$$00000032  c_w.l(libinit2.o)
    0x000001be   0x000001be   0x00000002   Code   RO          726    .ARM.Collect$$libinit$$00000033  c_w.l(libinit2.o)
    0x000001c0   0x000001c0   0x00000002   Code   RO          746    .ARM.Collect$$libshutdown$$00000000  c_w.l(libshutdown.o)
    0x000001c2   0x000001c2   0x00000000   Code   RO          759    .ARM.Collect$$libshutdown$$00000002  c_w.l(libshutdown2.o)
    0x000001c2   0x000001c2   0x00000000   Code   RO          761    .ARM.Collect$$libshutdown$$00000004  c_w.l(libshutdown2.o)
    0x000001c2   0x000001c2   0x00000000   Code   RO          764    .ARM.Collect$$libshutdown$$00000007  c_w.l(libshutdown2.o)
    0x000001c2   0x000001c2   0x00000000   Code   RO          767    .ARM.Collect$$libshutdown$$0000000A  c_w.l(libshutdown2.o)
    0x000001c2   0x000001c2   0x00000000   Code   RO          769    .ARM.Collect$$libshutdown$$0000000C  c_w.l(libshutdown2.o)
    0x000001c2   0x000001c2   0x00000000   Code   RO          772    .ARM.Collect$$libshutdown$$0000000F  c_w.l(libshutdown2.o)
    0x000001c2   0x000001c2   0x00000002   Code   RO          773    .ARM.Collect$$libshutdown$$00000010  c_w.l(libshutdown2.o)
    0x000001c4   0x000001c4   0x00000000   Code   RO          651    .ARM.Collect$$rtentry$$00000000  c_w.l(__rtentry.o)
    0x000001c4   0x000001c4   0x00000000   Code   RO          653    .ARM.Collect$$rtentry$$00000002  c_w.l(__rtentry2.o)
    0x000001c4   0x000001c4   0x00000006   Code   RO          665    .ARM.Collect$$rtentry$$00000004  c_w.l(__rtentry4.o)
    0x000001ca   0x000001ca   0x00000000   Code   RO          655    .ARM.Collect$$rtentry$$00000009  c_w.l(__rtentry2.o)
    0x000001ca   0x000001ca   0x00000004   Code   RO          656    .ARM.Collect$$rtentry$$0000000A  c_w.l(__rtentry2.o)
    0x000001ce   0x000001ce   0x00000000   Code   RO          658    .ARM.Collect$$rtentry$$0000000C  c_w.l(__rtentry2.o)
    0x000001ce   0x000001ce   0x00000008   Code   RO          659    .ARM.Collect$$rtentry$$0000000D  c_w.l(__rtentry2.o)
    0x000001d6   0x000001d6   0x00000002   Code   RO          680    .ARM.Collect$$rtexit$$00000000  c_w.l(rtexit.o)
    0x000001d8   0x000001d8   0x00000000   Code   RO          728    .ARM.Collect$$rtexit$$00000002  c_w.l(rtexit2.o)
    0x000001d8   0x000001d8   0x00000004   Code   RO          729    .ARM.Collect$$rtexit$$00000003  c_w.l(rtexit2.o)
    0x000001dc   0x000001dc   0x00000006   Code   RO          730    .ARM.Collect$$rtexit$$00000004  c_w.l(rtexit2.o)
    0x000001e2   0x000001e2   0x00000002   PAD
    0x000001e4   0x000001e4   0x00000006   Code   RO           71    .emb_text           bsp.o
    0x000001ea   0x000001ea   0x00000002   PAD
    0x000001ec   0x000001ec   0x00000020   Code   RO          573    .emb_text           cortexm.o
    0x0000020c   0x0000020c   0x0000003c   Code   RO          592  * .text               startup_msp432p401r_uvision.o
    0x00000248   0x00000248   0x00000006   Code   RO          647    .text               c_w.l(heapauxi.o)
    0x0000024e   0x0000024e   0x0000004a   Code   RO          667    .text               c_w.l(sys_stackheap_outer.o)
    0x00000298   0x00000298   0x00000012   Code   RO          669    .text               c_w.l(exit.o)
    0x000002aa   0x000002aa   0x00000002   PAD
    0x000002ac   0x000002ac   0x00000008   Code   RO          677    .text               c_w.l(libspace.o)
    0x000002b4   0x000002b4   0x0000000c   Code   RO          738    .text               c_w.l(sys_exit.o)
    0x000002c0   0x000002c0   0x00000002   Code   RO          749    .text               c_w.l(use_no_semi.o)
    0x000002c2   0x000002c2   0x00000000   Code   RO          751    .text               c_w.l(indicate_semi.o)
    0x000002c2   0x000002c2   0x00000002   PAD
    0x000002c4   0x000002c4   0x00000188   Code   RO           81    i.BSP_Clock_InitFastest  bsp.o
    0x0000044c   0x0000044c   0x00000016   Code   RO           82    i.BSP_Delay1ms      bsp.o
    0x00000462   0x00000462   0x00000002   PAD
    0x00000464   0x00000464   0x00000094   Code   RO           83    i.BSP_Joystick_Init  bsp.o
    0x000004f8   0x000004f8   0x00000088   Code   RO           84    i.BSP_Joystick_Input  bsp.o
    0x00000580   0x00000580   0x00000018   Code   RO           85    i.BSP_LCD_Color565  bsp.o
    0x00000598   0x00000598   0x00000110   Code   RO           87    i.BSP_LCD_DrawChar  bsp.o
    0x000006a8   0x000006a8   0x00000054   Code   RO           92    i.BSP_LCD_DrawString  bsp.o
    0x000006fc   0x000006fc   0x000000ac   Code   RO           94    i.BSP_LCD_FillRect  bsp.o
    0x000007a8   0x000007a8   0x00000024   Code   RO           95    i.BSP_LCD_FillScreen  bsp.o
    0x000007cc   0x000007cc   0x0000000a   Code   RO           96    i.BSP_LCD_Init      bsp.o
    0x000007d6   0x000007d6   0x00000002   PAD
    0x000007d8   0x000007d8   0x00000090   Code   RO           97    i.BSP_LCD_OutUDec   bsp.o
    0x00000868   0x00000868   0x00000020   Code   RO          104    i.BSP_LCD_SetCursor  bsp.o
    0x00000888   0x00000888   0x00000074   Code   RO          132    i.ST7735_InitR      bsp.o
    0x000008fc   0x000008fc   0x00000098   Code   RO            4    i.SysTick_Handler   main.o
    0x00000994   0x00000994   0x0000006c   Code   RO          600    i.SystemInit        system_msp432p401r.o
    0x00000a00   0x00000a00   0x00000018   Code   RO          133    i.T32_INT1_IRQHandler  bsp.o
    0x00000a18   0x00000a18   0x00000020   Code   RO          134    i.TA1_0_IRQHandler  bsp.o
    0x00000a38   0x00000a38   0x00000020   Code   RO          135    i.TA2_0_IRQHandler  bsp.o
    0x00000a58   0x00000a58   0x00000040   Code   RO          136    i.adcinit           bsp.o
    0x00000a98   0x00000a98   0x00000056   Code   RO          137    i.commandList       bsp.o
    0x00000aee   0x00000aee   0x00000002   PAD
    0x00000af0   0x00000af0   0x000000fc   Code   RO          138    i.commonInit        bsp.o
    0x00000bec   0x00000bec   0x00000048   Code   RO          139    i.fillmessage       bsp.o
    0x00000c34   0x00000c34   0x000000bc   Code   RO            5    i.main              main.o
    0x00000cf0   0x00000cf0   0x00000012   Code   RO          147    i.pushColor         bsp.o
    0x00000d02   0x00000d02   0x00000002   PAD
    0x00000d04   0x00000d04   0x00000074   Code   RO          148    i.setAddrWindow     bsp.o
    0x00000d78   0x00000d78   0x00000048   Code   RO          151    i.writecommand      bsp.o
    0x00000dc0   0x00000dc0   0x00000048   Code   RO          152    i.writedata         bsp.o
    0x00000e08   0x00000e08   0x0000000a   Code   RO          736    x$fpl$fpinit        fz_wm.l(fpinit.o)
    0x00000e12   0x00000e12   0x0000057b   Data   RO          154    .constdata          bsp.o
    0x0000138d   0x0000138d   0x00000003   PAD
    0x00001390   0x00001390   0x00000020   Data   RO          804    Region$$Table       anon$$obj.o


    Execution Region ER_RW (Exec base: 0x20000000, Load base: 0x000013b0, Size: 0x00000060, Max: 0xffffffff, ABSOLUTE)

    Exec Addr    Load Addr    Size         Type   Attr      Idx    E Section Name        Object

    0x20000000   0x000013b0   0x00000004   Data   RW            6    .data               main.o
    0x20000004   0x000013b4   0x0000005c   Data   RW          155    .data               bsp.o


    Execution Region ER_ZI (Exec base: 0x20000060, Load base: 0x00001410, Size: 0x00000270, Max: 0xffffffff, ABSOLUTE)

    Exec Addr    Load Addr    Size         Type   Attr      Idx    E Section Name        Object

    0x20000060        -       0x0000000c   Zero   RW          153    .bss                bsp.o
    0x2000006c        -       0x00000060   Zero   RW          678    .bss                c_w.l(libspace.o)
    0x200000cc   0x00001410   0x00000004   PAD
    0x200000d0        -       0x00000000   Zero   RW          590    HEAP                startup_msp432p401r_uvision.o
    0x200000d0        -       0x00000200   Zero   RW          589    STACK               startup_msp432p401r_uvision.o


==============================================================================

Image component sizes


      Code (inc. data)   RO Data    RW Data    ZI Data      Debug   Object Name

      2434        286       1403         92         12      18684   bsp.o
        32          0          0          0          0        616   cortexm.o
       340         58          0          4          0       6326   main.o
        60         22        324          0        512        952   startup_msp432p401r_uvision.o
       108         22          0          0          0        557   system_msp432p401r.o

    ----------------------------------------------------------------------
      2984        388       1762         96        524      27135   Object Totals
         0          0         32          0          0          0   (incl. Generated)
        10          0          3          0          0          0   (incl. Padding)

    ----------------------------------------------------------------------

      Code (inc. data)   RO Data    RW Data    ZI Data      Debug   Library Member Name

         8          0          0          0          0         68   __main.o
         0          0          0          0          0          0   __rtentry.o
        12          0          0          0          0          0   __rtentry2.o
         6          0          0          0          0          0   __rtentry4.o
        52          8          0          0          0          0   __scatter.o
        26          0          0          0          0          0   __scatter_copy.o
        28          0          0          0          0          0   __scatter_zi.o
        18          0          0          0          0         80   exit.o
         6          0          0          0          0        152   heapauxi.o
         0          0          0          0          0          0   indicate_semi.o
         2          0          0          0          0          0   libinit.o
         6          0          0          0          0          0   libinit2.o
         2          0          0          0          0          0   libshutdown.o
         2          0          0          0          0          0   libshutdown2.o
         8          4          0          0         96         68   libspace.o
         2          0          0          0          0          0   rtexit.o
        10          0          0          0          0          0   rtexit2.o
        12          4          0          0          0         68   sys_exit.o
        74          0          0          0          0         80   sys_stackheap_outer.o
         2          0          0          0          0         68   use_no_semi.o
        10          0          0          0          0        116   fpinit.o

    ----------------------------------------------------------------------
       294         16          0          0        100        700   Library Totals
         8          0          0          0          4          0   (incl. Padding)

    ----------------------------------------------------------------------

      Code (inc. data)   RO Data    RW Data    ZI Data      Debug   Library Name

       276         16          0          0         96        584   c_w.l
        10          0          0          0          0        116   fz_wm.l

    ----------------------------------------------------------------------
       294         16          0          0        100        700   Library Totals

    ----------------------------------------------------------------------

==============================================================================


      Code (inc. data)   RO Data    RW Data    ZI Data      Debug   

      3278        404       1762         96        624      25179   Grand Totals
      3278        404       1762         96        624      25179   ELF Image Totals
      3278        404       1762         96          0          0   ROM Totals

==============================================================================

    Total RO  Size (Code + RO Data)                 5040 (   4.92kB)
    Total RW  Size (RW Data + ZI Data)               720 (   0.70kB)
    Total ROM Size (Code + RO Data + RW Data)       5136 (   5.02kB)

==============================================================================

